[DATA_POINT]
1="tcp_connect"
2="tcp_connection_count"
3="mic_recv"
4="HTTP_200"
5="RETRY_KEEP_ALIVE"
6="tcp_shutdown"
7="HTTP_500"
[END_TRANSACTION]
1="vuser_init_Transaction"
2="http://localhost:1080/WebTours/"
3="http://localhost:1080/WebTours/header.html"
4="http://localhost:1080/WebTours/images/hp_logo.png"
5="http://localhost:1080/WebTours/images/webtours.png"
6="http://localhost:1080/cgi-bin/welcome.pl?signOff=true"
7="http://localhost:1080/WebTours/home.html"
8="http://localhost:1080/cgi-bin/nav.pl?in=home"
9="http://localhost:1080/WebTours/images/mer_login.gif"
10="WebTours_common_162"
11="goToSite"
12="http://localhost:1080/cgi-bin/login.pl"
13="http://localhost:1080/cgi-bin/nav.pl?page=menu&in=home"
14="http://localhost:1080/WebTours/images/itinerary.gif"
15="http://localhost:1080/WebTours/images/signoff.gif"
16="http://localhost:1080/WebTours/images/in_home.gif"
17="http://localhost:1080/cgi-bin/login.pl?intro=true"
18="http://localhost:1080/WebTours/images/flights.gif"
19="login.pl_Action_28"
20="login"
21="login.pl_Action_31"
22="login.pl_Action_29"
23="http://localhost:1080/cgi-bin/welcome.pl?page=search"
24="http://localhost:1080/cgi-bin/nav.pl?page=menu&in=flights"
25="http://localhost:1080/WebTours/images/home.gif"
26="http://localhost:1080/WebTours/images/in_flights.gif"
27="http://localhost:1080/WebTours/images/button_next.gif"
28="http://localhost:1080/cgi-bin/reservations.pl?page=welcome"
29="Search_Flights_Button_Action_61"
30="click_flights"
31="Search_Flights_Button_Action_64"
32="http://localhost:1080/cgi-bin/welcome.pl?page=itinerary"
33="http://localhost:1080/cgi-bin/nav.pl?page=menu&in=itinerary"
34="http://localhost:1080/WebTours/images/cancelallreservations.gif"
35="http://localhost:1080/cgi-bin/itinerary.pl"
36="http://localhost:1080/WebTours/images/in_itinerary.gif"
37="http://localhost:1080/WebTours/images/cancelreservation.gif"
38="Itinerary_Button_Action_63"
39="viewing_receipt"
40="http://localhost:1080/cgi-bin/reservations.pl"
41="reservations.pl_Action_168"
42="search_flights"
43="http://localhost:1080/WebTours/profileValidate.js"
44="http://localhost:1080/cgi-bin/login.pl?username=&password=&getInfo=true"
45="login.pl_Action_16"
46="Open_sign_up_now"
47="reservations.pl_Action_185"
48="login.pl_common_41"
49="http://localhost:1080/cgi-bin/welcome.pl?signOff=1"
50="SignOff_Button_common_180"
51="logout"
52="04_check_reserv"
53="Action_Transaction"
54="reservations.pl_2_Action_229"
55="select_ticket"
56="login.pl_2_Action_37"
57="Filling_out_the_form"
58="reservations.pl_2_Action_246"
59="03_SearchTicketNoPayment"
60="reservations.pl_Action_182"
61="Itinerary_Button_common_205"
62="http://localhost:1080/WebTours/images/bookanother.gif"
63="reservations.pl_3_Action_338"
64="pay_ticket"
65="http://localhost:1080/cgi-bin/welcome.pl?page=menus"
66="button_next.gif_Action_72"
67="Continue"
68="07_SearchTicketNoSelect"
69="itinerary.pl_Action_60"
70="Cancel_reservation"
71="Itinerary_Button_Action_388"
72="UC_1_Buy_a_ticket"
73="06_CreatingNewAccount"
74="2_script_delete_reservation"
75="reservations.pl_Action_113"
76="reservations.pl_2_Action_207"
77="reservations.pl_3_Action_305"
78="reservations.pl_Action_116"
79="reservations.pl_2_Action_224"
80="reservations.pl_Action_115"
81="reservations.pl_3_Action_272"
82="vuser_end_Transaction"
